[sfd.linuxaccra.org/index.html]
[backblue.gif]
[fade.gif]
[index.html]
[sfd.linuxaccra.org/wp-content/plugins/live-composer-page-builder/css/A.font-awesome.css,qver=1.3.4.pagespeed.cf.qUQrGF2tBd.css]
[sfd.linuxaccra.org/comments/feed/index.html]
[fonts.googleapis.com/index.html]
[sfd.linuxaccra.org/wp-content/plugins/live-composer-page-builder/css/frontend/A.main.css,qver=1.3.4.pagespeed.cf.MRdwZ9Tp8p.css]
[sfd.linuxaccra.org/wp-content/plugins/live-composer-page-builder/css/frontend/A.modules.css,qver=1.3.4.pagespeed.cf.ZbaMBjuwAD.css]
[sfd.linuxaccra.org/wp-content/plugins/live-composer-page-builder/css/frontend/pluginsc412.css]
[sfd.linuxaccra.org/wp-content/plugins/llorix-one-companion/css/style5111.css]
[sfd.linuxaccra.org/wp-content/themes/llorix-one-lite/css/font-awesome.min474a.css]
[sfd.linuxaccra.org/wp-content/themes/llorix-one-lite/css/bootstrap.min3d36.css]
[sfd.linuxaccra.org/wp-content/themes/llorix-one-lite/style8a54.css]
[52.56.219.127/wp-content/uploads/2017/08/DSC_mini.jpg]
[sfd.linuxaccra.org/wp-includes/js/jquery/jquery-migrate.min330a.js]
[sfd.linuxaccra.org/xmlrpc0db0.php]
[sfd.linuxaccra.org/wp-content/plugins/live-composer-page-builder/js/frontend/pluginsc412.js]
[sfd.linuxaccra.org/wp-includes/js/jquery/jqueryb8ff.js]
[sfd.linuxaccra.org/wp-includes/wlwmanifest.xml]
[sfd.linuxaccra.org/wp-json/index.html]
[sfd.linuxaccra.org/wp-json/oembed/1.0/embedd2e4.json]
[sfd.linuxaccra.org/wp-json/oembed/1.0/embed43df]
[52.56.219.127/wp-content/uploads/2017/08/laug-bigger.jpg]
[52.56.219.127/wp-content/uploads/2017/08/logo.png]
[52.56.219.127/wp-content/uploads/2017/08/Coat_of_arms_of_Ghana-300x250.png]
[sfd.linuxaccra.org/home/contact/index.html]
[52.56.219.127/wp-content/uploads/2017/08/aiti-300x80.png]
[52.56.219.127/wp-content/uploads/2017/08/laug-bigger-286x300.jpg]
[52.56.219.127/wp-content/uploads/2017/08/delaphone-dark-300x300.jpg]
[52.56.219.127/wp-content/uploads/2017/09/innoverex-300x125.jpg]
[52.56.219.127/wp-content/uploads/2017/08/stevdoklogo-174x300.png]
[52.56.219.127/wp-content/uploads/2017/09/div-300x128.jpg]
[52.56.219.127/wp-content/uploads/2017/09/econsultx-300x111.jpg]
[52.56.219.127/wp-content/uploads/2017/08/inna_logo_1-copy-298x300.png]
[52.56.219.127/wp-content/uploads/2017/08/agile-300x300.jpg]
[52.56.219.127/wp-content/uploads/2017/09/WhatsApp-Image-2017-09-12-at-10.29.29-300x214.jpg]
[52.56.219.127/wp-content/uploads/2017/09/AFRI-ODIRF-LOGO-300x135.png]
[52.56.219.127/wp-content/uploads/2017/09/OFWA-Logo-1-300x119.png]
[52.56.219.127/wp-content/uploads/2017/08/laugmeeting3.jpg]
[sfd.linuxaccra.org/wp-content/themes/llorix-one-lite/images/background-images/parallax-img/team-img.jpg]
[52.56.219.127/wp-content/uploads/2017/09/mawutor_cropped-300x300.jpg]
[52.56.219.127/wp-content/uploads/2017/09/wisdom_donkor_cropped.jpg]
[52.56.219.127/wp-content/uploads/2017/09/nanaFosu-300x300.jpg]
[52.56.219.127/wp-content/uploads/2017/09/rex-cropped-300x300.jpg]
[52.56.219.127/wp-content/uploads/2017/09/fummiStellaCropped.jpg]
[52.56.219.127/wp-content/uploads/2017/09/comm-min.jpg]
[52.56.219.127/wp-content/uploads/2017/08/aiti-boss.jpg]
[52.56.219.127/wp-content/uploads/2017/08/white.png]
[52.56.219.127/wp-content/uploads/2017/08/mrsabraasante-cropped-300x300.jpg]
[52.56.219.127/wp-content/uploads/2017/08/enieofori-cropped-300x300.jpg]
[52.56.219.127/wp-content/uploads/2017/09/fredyeboah.jpg]
[52.56.219.127/wp-content/uploads/2017/09/Clara_Pinkrah-Sam_cropped-300x300.jpg]
[52.56.219.127/wp-content/uploads/2017/08/enochnyamador-cropped-300x300.jpg]
[52.56.219.127/wp-content/uploads/2017/09/Awo-Amenyah_cropped-300x300.jpg]
[52.56.219.127/wp-content/uploads/2017/09/papa_kofi_ankhurst_cropped.jpg]
[52.56.219.127/wp-content/uploads/2017/09/Florence_Toffah_cropped.jpg]
[52.56.219.127/wp-content/uploads/2017/09/Raindolf-Owusu1-300x300.jpg]
[52.56.219.127/wp-content/uploads/2017/09/nehemiahattigs_cropped.jpg]
[52.56.219.127/wp-content/uploads/2017/09/worlalisenyofarmerline.jpg]
[52.56.219.127/wp-content/uploads/2017/09/EyramTawiahCropped-300x300.jpg]
[52.56.219.127/wp-content/uploads/2017/09/BarbaraNaaKwarleyQuartey_cropped-300x300.jpg]
[52.56.219.127/wp-content/uploads/2017/09/p-214x300.jpg]
[52.56.219.127/wp-content/uploads/2017/09/solomon-cropped-300x300.jpg]
[52.56.219.127/wp-content/uploads/2017/09/harunaMuhadcropped.jpg]
[52.56.219.127/wp-content/uploads/2017/09/spilkerCropped-300x300.jpg]
[52.56.219.127/wp-content/uploads/2017/09/sisterJustinaOluchi-300x300.jpg]
[52.56.219.127/wp-content/uploads/2017/09/ericAkumiahCropped-300x300.jpg]
[52.56.219.127/wp-content/uploads/2017/09/michaellarbiCropped-300x300.jpg]
[sfd.linuxaccra.org/wp-content/themes/llorix-one-lite/images/background-images/parallax-img/parallax-img1.jpg]
[sfd.linuxaccra.org/wp-content/plugins/intergeo-maps/css/frontend4c71.css]
[sfd.linuxaccra.org/wp-includes/js/mediaelement/wp-mediaelement.min5111.js]
[sfd.linuxaccra.org/wp-includes/js/imagesloaded.min55a0.js]
[sfd.linuxaccra.org/wp-includes/js/mediaelement/mediaelement-and-player.min51cd.js]
[sfd.linuxaccra.org/wp-includes/js/masonry.mind617.js]
[sfd.linuxaccra.org/wp-includes/js/jquery/jquery.masonry.minef70.js]
[sfd.linuxaccra.org/wp-content/plugins/live-composer-page-builder/js/frontend/mainc412.js]
[sfd.linuxaccra.org/wp-content/themes/llorix-one-lite/js/vendor/bootstrap.min7433.js]
[sfd.linuxaccra.org/wp-content/themes/llorix-one-lite/js/custom.all4c56.js]
[sfd.linuxaccra.org/wp-content/themes/llorix-one-lite/js/custom.home8a54.js]
[sfd.linuxaccra.org/wp-content/themes/llorix-one-lite/js/skip-link-focus-fix8a54.js]
[sfd.linuxaccra.org/wp-includes/js/wp-embed.min5111.js]
[sfd.linuxaccra.org/index.html]
[sfd.linuxaccra.org/wp-content/plugins/intergeo-maps/js/rendering4c71.js]
[gmpg.org/xfn/11.html]
[sfd.linuxaccra.org/xmlrpc.php]
[fonts.googleapis.com/index.html]
[s.w.org/index.html]
[fonts.googleapis.com/css3eb8.css]
[sfd.linuxaccra.org/feed/index.html]
[sfd.linuxaccra.org/wp-content/plugins/live-composer-page-builder/css/frontend/A.plugins.css,qver=1.3.4.pagespeed.cf.mJ-V2Ncs3o.css]
[sfd.linuxaccra.org/wp-content/plugins/llorix-one-companion/css/A.style.css,qver=4.8.10.pagespeed.cf.12utwNOLvy.css]
[sfd.linuxaccra.org/wp-content/themes/llorix-one-lite/css/A.font-awesome.min.css,qver=4.4.0.pagespeed.cf.rcW3LzkEVI.css]
[sfd.linuxaccra.org/wp-content/themes/llorix-one-lite/css/A.bootstrap.min.css,qver=3.3.1.pagespeed.cf.qdV-5M41Oq.css]
[sfd.linuxaccra.org/wp-content/themes/llorix-one-lite/A.style.css,qver=1.0.0.pagespeed.cf.Y9bCvonNEp.css]
[sfd.linuxaccra.org/wp-json/oembed/1.0/embedd3fa.json]
[sfd.linuxaccra.org/wp-includes/js/jquery/jquery.js,qver=1.12.4.pagespeed.jm.gp20iU5FlU.js]
[sfd.linuxaccra.org/wp-includes,_js,_jquery,_jquery-migrate.min.js,qver==1.4.1+wp-content,_plugins,_live-composer-page-builder,_js,_frontend,_plugins.js,qver==1.3.4.pagespeed.jc.KPd84DFACQ.js]
[sfd.linuxaccra.org/wp-json/oembed/1.0/embed61b4]
[sfd.linuxaccra.org/home/contact/index.html]
[gmpg.org/xfn/.html]
[gmpg.org/xfn/intro.html]
[gmpg.org/xfn/faq.html]
[sfd.linuxaccra.org/indexb4c1.html]
[52.56.219.127/wp-content/uploads/2017/08/DSC_mini.jpg]
[sfd.linuxaccra.org/wp-content/plugins,_live-composer-page-builder,_js,_frontend,_main.js,qver==1.3.4+themes,_llorix-one-lite,_js,_vendor,_bootstrap.min.js,qver==3.3.7.pagespeed.jc.gtSssQ4hOH.js]
[sfd.linuxaccra.org/wp-content/plugins/live-composer-page-builder/css/font/fontawesome-webfont047b.eot]
[sfd.linuxaccra.org/wp-json/index.html]
[sfd.linuxaccra.org/wp-content/plugins/live-composer-page-builder/css/font/fontawesome-webfontd41d.eot]
[sfd.linuxaccra.org/wp-content/plugins/live-composer-page-builder/css/font/fontawesome-webfont047b.woff]
[sfd.linuxaccra.org/wp-content/plugins/live-composer-page-builder/css/font/fontawesome-webfont047b.ttf]
[sfd.linuxaccra.org/wp-content/plugins/live-composer-page-builder/css/A.font-awesome.css,qver=1.3.4.pagespeed.cf.qUQrGF2tBd.css]
[sfd.linuxaccra.org/wp-content/plugins/live-composer-page-builder/css/frontend/A.main.css,qver=1.3.4.pagespeed.cf.MRdwZ9Tp8p.css]
[sfd.linuxaccra.org/wp-content/plugins/live-composer-page-builder/css/frontend/A.modules.css,qver=1.3.4.pagespeed.cf.ZbaMBjuwAD.css]
[sfd.linuxaccra.org/wp-json/oembed/1.0/embedd2e4.json]
[52.56.219.127/wp-content/uploads/2017/08/laug-bigger.jpg]
[52.56.219.127/wp-content/uploads/2017/08/Coat_of_arms_of_Ghana-300x250.png]
[52.56.219.127/wp-content/uploads/2017/08/logo.png]
[52.56.219.127/wp-content/uploads/2017/08/laug-bigger-286x300.jpg]
[52.56.219.127/wp-content/uploads/2017/08/aiti-300x80.png]
[52.56.219.127/wp-content/uploads/2017/08/delaphone-dark-300x300.jpg]
[52.56.219.127/wp-content/uploads/2017/09/innoverex-300x125.jpg]
[52.56.219.127/wp-content/uploads/2017/08/stevdoklogo-174x300.png]
[sfd.linuxaccra.org/wp-content/plugins/live-composer-page-builder/css/frontend/pluginsc412.css]
[52.56.219.127/wp-content/uploads/2017/08/inna_logo_1-copy-298x300.png]
[sfd.linuxaccra.org/wp-content/plugins/llorix-one-companion/css/style5111.css]
[52.56.219.127/wp-content/uploads/2017/08/agile-300x300.jpg]
[sfd.linuxaccra.org/wp-content/themes/llorix-one-lite/fonts/fontawesome-webfont5b62.eot]
[52.56.219.127/wp-content/uploads/2017/09/AFRI-ODIRF-LOGO-300x135.png]
[52.56.219.127/wp-content/uploads/2017/09/OFWA-Logo-1-300x119.png]
[sfd.linuxaccra.org/wp-content/themes/llorix-one-lite/fonts/fontawesome-webfontd41d.eot]
[52.56.219.127/wp-content/uploads/2017/08/laugmeeting3.jpg]
[sfd.linuxaccra.org/wp-content/themes/llorix-one-lite/fonts/fontawesome-webfont5b62.woff]
[sfd.linuxaccra.org/wp-content/themes/llorix-one-lite/images/background-images/parallax-img/team-img.jpg]
[sfd.linuxaccra.org/wp-content/themes/llorix-one-lite/fonts/fontawesome-webfont5b62.ttf]
[sfd.linuxaccra.org/wp-content/themes/llorix-one-lite/css/font-awesome.min474a.css]
[sfd.linuxaccra.org/wp-content/themes/llorix-one-lite/css/bootstrap.min3d36.css]
[52.56.219.127/wp-content/uploads/2017/09/mawutor_cropped-300x300.jpg]
[52.56.219.127/wp-content/uploads/2017/09/wisdom_donkor_cropped.jpg]
[sfd.linuxaccra.org/wp-content/themes/llorix-one-lite/images/tr-btn.png]
[sfd.linuxaccra.org/wp-content/themes/llorix-one-lite/images/loader-red.gif]
[52.56.219.127/wp-content/uploads/2017/09/nanaFosu-300x300.jpg]
[sfd.linuxaccra.org/wp-content/themes/llorix-one-lite/style8a54.css]
[52.56.219.127/wp-content/uploads/2017/09/rex-cropped-300x300.jpg]
[sfd.linuxaccra.org/home/contact/index.html]
[sfd.linuxaccra.org/wp-content/plugins/intergeo-maps/css/frontend4c71.css]
[sfd.linuxaccra.org/feed/index.html]
[gmpg.org/xfn/default.css]
[sfd.linuxaccra.org/wp-content/plugins/live-composer-page-builder/css/frontend/A.plugins.css,qver=1.3.4.pagespeed.cf.mJ-V2Ncs3o.css]
[sfd.linuxaccra.org/wp-content/plugins/llorix-one-companion/css/A.style.css,qver=4.8.10.pagespeed.cf.12utwNOLvy.css]
[sfd.linuxaccra.org/wp-json/oembed/1.0/embedd3fa.json]
[sfd.linuxaccra.org/wp-content/themes/llorix-one-lite/css/A.font-awesome.min.css,qver=4.4.0.pagespeed.cf.rcW3LzkEVI.css]
[sfd.linuxaccra.org/wp-content/themes/llorix-one-lite/css/A.bootstrap.min.css,qver=3.3.1.pagespeed.cf.qdV-5M41Oq.css]
[sfd.linuxaccra.org/wp-content/themes/llorix-one-lite/images/tr-btn.png.pagespeed.ce.DsV1P-X4Rk.png]
[sfd.linuxaccra.org/wp-includes/js/mediaelement,_wp-mediaelement.min.js,qver==4.8.10+imagesloaded.min.js,qver==3.2.0+masonry.min.js,qver==3.3.2+jquery,_jquery.masonry.min.js,qver==3.1.2b.pagespeed.jc.6n]
[sfd.linuxaccra.org/wp-content/themes/llorix-one-lite/images/loader-red.gif.pagespeed.ce.OaFCPjKYqA.gif]
[sfd.linuxaccra.org/wp-content/themes/llorix-one-lite/A.style.css,qver=1.0.0.pagespeed.cf.Y9bCvonNEp.css]
[sfd.linuxaccra.org/wp-content,_themes,_llorix-one-lite,_js,_custom.all.js,qver==2.0.2+wp-content,_themes,_llorix-one-lite,_js,_skip-link-focus-fix.js,qver==1.0.0+wp-includes,_js,_wp-embed.min.js,qver==]
[sfd.linuxaccra.org/indexb4c1.html]
[sfd.linuxaccra.org/wp-content/plugins/live-composer-page-builder/css/font/fontawesome-webfont.svg]
[sfd.linuxaccra.org/wp-content/plugins/live-composer-page-builder/css/frontend/AjaxLoader.html]
[sfd.linuxaccra.org/wp-content/themes/llorix-one-lite/fonts/fontawesome-webfont5b62.html]
[sfd.linuxaccra.org/wp-content/themes/llorix-one-lite/fonts/fontawesome-webfont5b62.svg]
